Resort [8, Sunset Resort, 3, 654 Beach Rd, true, City H]
